[freeinstafollowers.top/free-instagram-followers-app/index.html]
[backblue.gif]
[fade.gif]
[index.html]
[ww38.mywebsiteurl.com/social-share-image.html]
[cdn.linearicons.com/free/1.0.0/icon-font.min.css]
[stackpath.bootstrapcdn.com/bootstrap/4.1.3/css/bootstrap.min.css]
[use.fontawesome.com/releases/v5.3.1/css/all.css]
[cdnjs.cloudflare.com/ajax/libs/animate.css/3.5.2/animate.min.css]
[cdnjs.cloudflare.com/ajax/libs/select2/4.0.6-rc.0/css/select2.min.css]
[freeinstafollowers.top/free-instagram-followers-app/assets/css/style.css]
[freeinstafollowers.top/free-instagram-followers-app/assets/images/favicon.ico]
[freeinstafollowers.top/free-instagram-followers-app/assets/img/insta-log.png]
[code.jquery.com/jquery-3.3.1.min.js]
[cdnjs.cloudflare.com/ajax/libs/popper.js/1.14.3/umd/popper.min.js]
[stackpath.bootstrapcdn.com/bootstrap/4.1.3/js/bootstrap.min.js]
[cdnjs.cloudflare.com/ajax/libs/select2/4.0.6-rc.0/js/select2.min.js]
[freeinstafollowers.top/free-instagram-followers-app/assets/js/main.js]
[freeinstafollowers.top/free-instagram-followers-app/index.html]
[www.google.com/adsense/domains/caf.js]
[cpabuild.com/public/external/locker.js]
[d1lxhc4jvstzrp.cloudfront.net/themes/assets/style.css]
[d1lxhc4jvstzrp.cloudfront.net/themes/cleanPeppermint_7a82f1f3/style.css]
[c.parkingcrew.net/scripts/sale_form.js]
[d1lxhc4jvstzrp.cloudfront.net/scripts/js3caf.js]
[ww38.mywebsiteurl.com/social-share-image.html]
[ww38.mywebsiteurl.com/POST.html]
[cdn.linearicons.com/free/1.0.0/icon-font.min.css]
[stackpath.bootstrapcdn.com/bootstrap/4.1.3/css/bootstrap.min.css]
[use.fontawesome.com/releases/v5.3.1/css/all.css]
[cdnjs.cloudflare.com/ajax/libs/animate.css/3.5.2/animate.min.css]
[cdnjs.cloudflare.com/ajax/libs/select2/4.0.6-rc.0/css/select2.min.css]
[freeinstafollowers.top/free-instagram-followers-app/assets/img/instagram-hex-colors-gradient-background.png]
[cdn.linearicons.com/free/1.0.0/Linearicons-Free.eot]
[freeinstafollowers.top/free-instagram-followers-app/assets/img/IPhone_X.png]
[freeinstafollowers.top/free-instagram-followers-app/assets/img/insta.png]
[freeinstafollowers.top/free-instagram-followers-app/assets/css/style.css]
[freeinstafollowers.top/free-instagram-followers-app/assets/images/favicon.html]
[d1lxhc4jvstzrp.cloudfront.net/themes/assets/star0.gif]
[d1lxhc4jvstzrp.cloudfront.net/themes/assets/star1.gif]
[d1lxhc4jvstzrp.cloudfront.net/themes/assets/starH.gif]
[d1lxhc4jvstzrp.cloudfront.net/themes/assets/style.css]
[d1lxhc4jvstzrp.cloudfront.net/themes/cleanPeppermint_7a82f1f3/img/bottom.png]
[d1lxhc4jvstzrp.cloudfront.net/themes/cleanPeppermint_7a82f1f3/img/arrows.png]
[d1lxhc4jvstzrp.cloudfront.net/themes/cleanPeppermint_7a82f1f3/style.css]
[ww38.mywebsiteurl.com/POST.html]
